[debug] [2026-09-26T07:35:41.483Z] ----------------------------------------------------------------------
[debug] [2026-09-26T07:35:41.487Z] Command:       /usr/local/bin/node /usr/local/bin/firebase projects:list
[debug] [2026-09-26T07:35:41.487Z] CLI Version:   15.30.0
[debug] [2026-09-26T07:35:41.488Z] Platform:      linux
[debug] [2026-09-26T07:35:41.488Z] Node Version:  v22.23.2
[debug] [2026-09-26T07:35:41.488Z] Detected Agent: unknown
[debug] [2026-09-26T07:35:41.488Z] Time:          Sat Sep 26 2026 07:35:41 GMT+0000 (Coordinated Universal Time)
[debug] [2026-09-26T07:35:41.489Z] ----------------------------------------------------------------------
[debug] 
[debug] [2026-09-26T07:35:41.524Z] >>> [apiv2][query] GET https://firebase-public.firebaseio.com/cli.json [none]
[debug] [2026-09-26T07:35:41.905Z] > command requires scopes: ["email","openid","https://www.googleapis.com/auth/cloudplatformprojects.readonly","https://www.googleapis.com/auth/firebase","https://www.googleapis.com/auth/cloud-platform"]
[debug] [2026-09-26T07:35:41.950Z] Running auto auth
[debug] [2026-09-26T07:35:41.957Z] No OAuth tokens found
[debug] [2026-09-26T07:35:41.958Z] >>> [apiv2][query] GET https://firebase.googleapis.com/v1beta1/projects pageSize=1000
[debug] [2026-09-26T07:35:42.109Z] <<< [apiv2][status] GET https://firebase.googleapis.com/v1beta1/projects 403
[debug] [2026-09-26T07:35:42.109Z] <<< [apiv2][body] GET https://firebase.googleapis.com/v1beta1/projects [omitted]
[debug] [2026-09-26T07:35:42.110Z] Request to https://firebase.googleapis.com/v1beta1/projects?pageSize=1000 had HTTP Error: 403, Firebase Management API has not been used in project 455599353016 before or it is disabled. Enable it by visiting https://console.developers.google.com/apis/api/firebase.googleapis.com/overview?project=455599353016 then retry. If you enabled this API recently, wait a few minutes for the action to propagate to our systems and retry.
[debug] [2026-09-26T07:35:42.112Z] FirebaseError: Request to https://firebase.googleapis.com/v1beta1/projects?pageSize=1000 had HTTP Error: 403, Firebase Management API has not been used in project 455599353016 before or it is disabled. Enable it by visiting https://console.developers.google.com/apis/api/firebase.googleapis.com/overview?project=455599353016 then retry. If you enabled this API recently, wait a few minutes for the action to propagate to our systems and retry.
    at responseToError (/usr/local/lib/node_modules/firebase-tools/lib/responseToError.js:53:12)
    at RetryOperation._fn (/usr/local/lib/node_modules/firebase-tools/lib/apiv2.js:415:77)
    at process.processTicksAndRejections (node:internal/process/task_queues:103:5)
[error] 
[error] Error: Failed to list Firebase projects. See firebase-debug.log for more info.
[debug] [2026-09-30T05:16:26.533Z] ----------------------------------------------------------------------
[debug] [2026-09-30T05:16:26.547Z] Command:       /usr/local/bin/node /usr/local/bin/firebase deploy --only hosting
[debug] [2026-09-30T05:16:26.548Z] CLI Version:   15.30.0
[debug] [2026-09-30T05:16:26.548Z] Platform:      linux
[debug] [2026-09-30T05:16:26.548Z] Node Version:  v22.23.2
[debug] [2026-09-30T05:16:26.549Z] Detected Agent: unknown
[debug] [2026-09-30T05:16:26.549Z] Time:          Wed Sep 30 2026 05:16:26 GMT+0000 (Coordinated Universal Time)
[debug] [2026-09-30T05:16:26.549Z] ----------------------------------------------------------------------
[debug] 
[debug] [2026-09-30T05:16:26.586Z] >>> [apiv2][query] GET https://firebase-public.firebaseio.com/cli.json [none]
[debug] [2026-09-30T05:16:31.831Z] > command requires scopes: ["email","openid","https://www.googleapis.com/auth/cloudplatformprojects.readonly","https://www.googleapis.com/auth/firebase","https://www.googleapis.com/auth/cloud-platform"]
[debug] [2026-09-30T05:16:31.874Z] Running auto auth
[debug] [2026-09-30T05:16:31.877Z] [iam] checking project amar-dukan-40808 for permissions ["firebase.projects.get","firebasehosting.sites.update"]
[debug] [2026-09-30T05:16:31.879Z] No OAuth tokens found
[debug] [2026-09-30T05:16:31.879Z] >>> [apiv2][query] POST https://cloudresourcemanager.googleapis.com/v1/projects/amar-dukan-40808:testIamPermissions [none]
[debug] [2026-09-30T05:16:31.879Z] >>> [apiv2][(partial)header] POST https://cloudresourcemanager.googleapis.com/v1/projects/amar-dukan-40808:testIamPermissions  x-goog-user-project=amar-dukan-40808
[debug] [2026-09-30T05:16:31.879Z] >>> [apiv2][body] POST https://cloudresourcemanager.googleapis.com/v1/projects/amar-dukan-40808:testIamPermissions {"permissions":["firebase.projects.get","firebasehosting.sites.update"]}
[debug] [2026-09-30T05:16:32.318Z] <<< [apiv2][status] GET https://firebase-public.firebaseio.com/cli.json 200
[debug] [2026-09-30T05:16:32.318Z] <<< [apiv2][body] GET https://firebase-public.firebaseio.com/cli.json {"cloudBuildErrorAfter":1594252800000,"cloudBuildWarnAfter":1590019200000,"defaultNode10After":1594252800000,"minVersion":"3.0.5","node8DeploysDisabledAfter":1613390400000,"node8RuntimeDisabledAfter":1615809600000,"node8WarnAfter":1600128000000}
[debug] [2026-09-30T05:16:33.040Z] <<< [apiv2][status] POST https://cloudresourcemanager.googleapis.com/v1/projects/amar-dukan-40808:testIamPermissions 403
[debug] [2026-09-30T05:16:33.040Z] <<< [apiv2][body] POST https://cloudresourcemanager.googleapis.com/v1/projects/amar-dukan-40808:testIamPermissions {"error":{"code":403,"message":"Caller does not have required permission to use project amar-dukan-40808. Grant the caller the roles/serviceusage.serviceUsageConsumer role, or a custom role with the serviceusage.services.use permission, by visiting https://console.developers.google.com/iam-admin/iam?project=amar-dukan-40808 and then retry. Propagation of the new permission may take a few minutes.","status":"PERMISSION_DENIED","details":[{"@type":"type.googleapis.com/google.rpc.ErrorInfo","reason":"USER_PROJECT_DENIED","domain":"googleapis.com","metadata":{"consoleUrl":"https://console.developers.google.com/iam-admin/iam?project=amar-dukan-40808","service":"cloudresourcemanager.googleapis.com","consumer":"projects/amar-dukan-40808","containerInfo":"amar-dukan-40808"}},{"@type":"type.googleapis.com/google.rpc.LocalizedMessage","locale":"en-US","message":"Caller does not have required permission to use project amar-dukan-40808. Grant the caller the roles/serviceusage.serviceUsageConsumer role, or a custom role with the serviceusage.services.use permission, by visiting https://console.developers.google.com/iam-admin/iam?project=amar-dukan-40808 and then retry. Propagation of the new permission may take a few minutes."},{"@type":"type.googleapis.com/google.rpc.Help","links":[{"description":"Google developer console IAM admin","url":"https://console.developers.google.com/iam-admin/iam?project=amar-dukan-40808"}]}]}}
[debug] [2026-09-30T05:16:33.041Z] [iam] error while checking permissions, command may fail: Request to https://cloudresourcemanager.googleapis.com/v1/projects/amar-dukan-40808:testIamPermissions had HTTP Error: 403, Caller does not have required permission to use project amar-dukan-40808. Grant the caller the roles/serviceusage.serviceUsageConsumer role, or a custom role with the serviceusage.services.use permission, by visiting https://console.developers.google.com/iam-admin/iam?project=amar-dukan-40808 and then retry. Propagation of the new permission may take a few minutes.
[debug] [2026-09-30T05:16:33.043Z] No OAuth tokens found
[debug] [2026-09-30T05:16:33.043Z] >>> [apiv2][query] GET https://firebase.googleapis.com/v1beta1/projects/amar-dukan-40808 [none]
[debug] [2026-09-30T05:16:33.140Z] <<< [apiv2][status] GET https://firebase.googleapis.com/v1beta1/projects/amar-dukan-40808 403
[debug] [2026-09-30T05:16:33.140Z] <<< [apiv2][body] GET https://firebase.googleapis.com/v1beta1/projects/amar-dukan-40808 {"error":{"code":403,"message":"Firebase Management API has not been used in project 455599353016 before or it is disabled. Enable it by visiting https://console.developers.google.com/apis/api/firebase.googleapis.com/overview?project=455599353016 then retry. If you enabled this API recently, wait a few minutes for the action to propagate to our systems and retry.","status":"PERMISSION_DENIED","details":[{"@type":"type.googleapis.com/google.rpc.ErrorInfo","reason":"SERVICE_DISABLED","domain":"googleapis.com","metadata":{"activationUrl":"https://console.developers.google.com/apis/api/firebase.googleapis.com/overview?project=455599353016","containerInfo":"455599353016","serviceTitle":"Firebase Management API","service":"firebase.googleapis.com","consumer":"projects/455599353016"}},{"@type":"type.googleapis.com/google.rpc.LocalizedMessage","locale":"en-US","message":"Firebase Management API has not been used in project 455599353016 before or it is disabled. Enable it by visiting https://console.developers.google.com/apis/api/firebase.googleapis.com/overview?project=455599353016 then retry. If you enabled this API recently, wait a few minutes for the action to propagate to our systems and retry."},{"@type":"type.googleapis.com/google.rpc.Help","links":[{"description":"Google developers console API activation","url":"https://console.developers.google.com/apis/api/firebase.googleapis.com/overview?project=455599353016"}]}]}}
[debug] [2026-09-30T05:16:33.140Z] Request to https://firebase.googleapis.com/v1beta1/projects/amar-dukan-40808 had HTTP Error: 403, Firebase Management API has not been used in project 455599353016 before or it is disabled. Enable it by visiting https://console.developers.google.com/apis/api/firebase.googleapis.com/overview?project=455599353016 then retry. If you enabled this API recently, wait a few minutes for the action to propagate to our systems and retry.
[debug] [2026-09-30T05:16:33.142Z] FirebaseError: Request to https://firebase.googleapis.com/v1beta1/projects/amar-dukan-40808 had HTTP Error: 403, Firebase Management API has not been used in project 455599353016 before or it is disabled. Enable it by visiting https://console.developers.google.com/apis/api/firebase.googleapis.com/overview?project=455599353016 then retry. If you enabled this API recently, wait a few minutes for the action to propagate to our systems and retry.
    at responseToError (/usr/local/lib/node_modules/firebase-tools/lib/responseToError.js:53:12)
    at RetryOperation._fn (/usr/local/lib/node_modules/firebase-tools/lib/apiv2.js:415:77)
    at process.processTicksAndRejections (node:internal/process/task_queues:103:5)
[error] 
[error] Error: Failed to get Firebase project amar-dukan-40808. Please make sure the project exists and your account has permission to access it.
[debug] [2026-09-30T05:16:50.311Z] ----------------------------------------------------------------------
[debug] [2026-09-30T05:16:50.314Z] Command:       /usr/local/bin/node /usr/local/bin/firebase projects:list
[debug] [2026-09-30T05:16:50.315Z] CLI Version:   15.30.0
[debug] [2026-09-30T05:16:50.315Z] Platform:      linux
[debug] [2026-09-30T05:16:50.315Z] Node Version:  v22.23.2
[debug] [2026-09-30T05:16:50.316Z] Detected Agent: unknown
[debug] [2026-09-30T05:16:50.316Z] Time:          Wed Sep 30 2026 05:16:50 GMT+0000 (Coordinated Universal Time)
[debug] [2026-09-30T05:16:50.316Z] ----------------------------------------------------------------------
[debug] 
[debug] [2026-09-30T05:16:50.635Z] > command requires scopes: ["email","openid","https://www.googleapis.com/auth/cloudplatformprojects.readonly","https://www.googleapis.com/auth/firebase","https://www.googleapis.com/auth/cloud-platform"]
[debug] [2026-09-30T05:16:50.656Z] Running auto auth
[debug] [2026-09-30T05:16:50.691Z] No OAuth tokens found
[debug] [2026-09-30T05:16:50.693Z] >>> [apiv2][query] GET https://firebase.googleapis.com/v1beta1/projects pageSize=1000
[debug] [2026-09-30T05:16:51.040Z] <<< [apiv2][status] GET https://firebase.googleapis.com/v1beta1/projects 403
[debug] [2026-09-30T05:16:51.040Z] <<< [apiv2][body] GET https://firebase.googleapis.com/v1beta1/projects [omitted]
[debug] [2026-09-30T05:16:51.041Z] Request to https://firebase.googleapis.com/v1beta1/projects?pageSize=1000 had HTTP Error: 403, Firebase Management API has not been used in project 455599353016 before or it is disabled. Enable it by visiting https://console.developers.google.com/apis/api/firebase.googleapis.com/overview?project=455599353016 then retry. If you enabled this API recently, wait a few minutes for the action to propagate to our systems and retry.
[debug] [2026-09-30T05:16:51.043Z] FirebaseError: Request to https://firebase.googleapis.com/v1beta1/projects?pageSize=1000 had HTTP Error: 403, Firebase Management API has not been used in project 455599353016 before or it is disabled. Enable it by visiting https://console.developers.google.com/apis/api/firebase.googleapis.com/overview?project=455599353016 then retry. If you enabled this API recently, wait a few minutes for the action to propagate to our systems and retry.
    at responseToError (/usr/local/lib/node_modules/firebase-tools/lib/responseToError.js:53:12)
    at RetryOperation._fn (/usr/local/lib/node_modules/firebase-tools/lib/apiv2.js:415:77)
    at process.processTicksAndRejections (node:internal/process/task_queues:103:5)
[error] 
[error] Error: Failed to list Firebase projects. See firebase-debug.log for more info.
[debug] [2026-09-30T05:23:30.905Z] ----------------------------------------------------------------------
[debug] [2026-09-30T05:23:30.908Z] Command:       /usr/local/bin/node /usr/local/bin/firebase deploy --only hosting
[debug] [2026-09-30T05:23:30.909Z] CLI Version:   15.30.0
[debug] [2026-09-30T05:23:30.909Z] Platform:      linux
[debug] [2026-09-30T05:23:30.909Z] Node Version:  v22.23.2
[debug] [2026-09-30T05:23:30.910Z] Detected Agent: unknown
[debug] [2026-09-30T05:23:30.910Z] Time:          Wed Sep 30 2026 05:23:30 GMT+0000 (Coordinated Universal Time)
[debug] [2026-09-30T05:23:30.910Z] ----------------------------------------------------------------------
[debug] 
[debug] [2026-09-30T05:23:30.942Z] >>> [apiv2][query] GET https://firebase-public.firebaseio.com/cli.json [none]
[debug] [2026-09-30T05:23:33.552Z] > command requires scopes: ["email","openid","https://www.googleapis.com/auth/cloudplatformprojects.readonly","https://www.googleapis.com/auth/firebase","https://www.googleapis.com/auth/cloud-platform"]
[debug] [2026-09-30T05:23:33.572Z] Running auto auth
[debug] [2026-09-30T05:23:33.576Z] [iam] checking project amar-dukan-40808 for permissions ["firebase.projects.get","firebasehosting.sites.update"]
[debug] [2026-09-30T05:23:33.577Z] No OAuth tokens found
[debug] [2026-09-30T05:23:33.578Z] >>> [apiv2][query] POST https://cloudresourcemanager.googleapis.com/v1/projects/amar-dukan-40808:testIamPermissions [none]
[debug] [2026-09-30T05:23:33.578Z] >>> [apiv2][(partial)header] POST https://cloudresourcemanager.googleapis.com/v1/projects/amar-dukan-40808:testIamPermissions  x-goog-user-project=amar-dukan-40808
[debug] [2026-09-30T05:23:33.578Z] >>> [apiv2][body] POST https://cloudresourcemanager.googleapis.com/v1/projects/amar-dukan-40808:testIamPermissions {"permissions":["firebase.projects.get","firebasehosting.sites.update"]}
[debug] [2026-09-30T05:23:34.009Z] <<< [apiv2][status] GET https://firebase-public.firebaseio.com/cli.json 200
[debug] [2026-09-30T05:23:34.009Z] <<< [apiv2][body] GET https://firebase-public.firebaseio.com/cli.json {"cloudBuildErrorAfter":1594252800000,"cloudBuildWarnAfter":1590019200000,"defaultNode10After":1594252800000,"minVersion":"3.0.5","node8DeploysDisabledAfter":1613390400000,"node8RuntimeDisabledAfter":1615809600000,"node8WarnAfter":1600128000000}
[debug] [2026-09-30T05:23:34.724Z] <<< [apiv2][status] POST https://cloudresourcemanager.googleapis.com/v1/projects/amar-dukan-40808:testIamPermissions 403
[debug] [2026-09-30T05:23:34.724Z] <<< [apiv2][body] POST https://cloudresourcemanager.googleapis.com/v1/projects/amar-dukan-40808:testIamPermissions {"error":{"code":403,"message":"Caller does not have required permission to use project amar-dukan-40808. Grant the caller the roles/serviceusage.serviceUsageConsumer role, or a custom role with the serviceusage.services.use permission, by visiting https://console.developers.google.com/iam-admin/iam?project=amar-dukan-40808 and then retry. Propagation of the new permission may take a few minutes.","status":"PERMISSION_DENIED","details":[{"@type":"type.googleapis.com/google.rpc.ErrorInfo","reason":"USER_PROJECT_DENIED","domain":"googleapis.com","metadata":{"containerInfo":"amar-dukan-40808","service":"cloudresourcemanager.googleapis.com","consumer":"projects/amar-dukan-40808","consoleUrl":"https://console.developers.google.com/iam-admin/iam?project=amar-dukan-40808"}},{"@type":"type.googleapis.com/google.rpc.LocalizedMessage","locale":"en-US","message":"Caller does not have required permission to use project amar-dukan-40808. Grant the caller the roles/serviceusage.serviceUsageConsumer role, or a custom role with the serviceusage.services.use permission, by visiting https://console.developers.google.com/iam-admin/iam?project=amar-dukan-40808 and then retry. Propagation of the new permission may take a few minutes."},{"@type":"type.googleapis.com/google.rpc.Help","links":[{"description":"Google developer console IAM admin","url":"https://console.developers.google.com/iam-admin/iam?project=amar-dukan-40808"}]}]}}
[debug] [2026-09-30T05:23:34.725Z] [iam] error while checking permissions, command may fail: Request to https://cloudresourcemanager.googleapis.com/v1/projects/amar-dukan-40808:testIamPermissions had HTTP Error: 403, Caller does not have required permission to use project amar-dukan-40808. Grant the caller the roles/serviceusage.serviceUsageConsumer role, or a custom role with the serviceusage.services.use permission, by visiting https://console.developers.google.com/iam-admin/iam?project=amar-dukan-40808 and then retry. Propagation of the new permission may take a few minutes.
[debug] [2026-09-30T05:23:34.726Z] No OAuth tokens found
[debug] [2026-09-30T05:23:34.726Z] >>> [apiv2][query] GET https://firebase.googleapis.com/v1beta1/projects/amar-dukan-40808 [none]
[debug] [2026-09-30T05:23:34.938Z] <<< [apiv2][status] GET https://firebase.googleapis.com/v1beta1/projects/amar-dukan-40808 403
[debug] [2026-09-30T05:23:34.938Z] <<< [apiv2][body] GET https://firebase.googleapis.com/v1beta1/projects/amar-dukan-40808 {"error":{"code":403,"message":"Firebase Management API has not been used in project 455599353016 before or it is disabled. Enable it by visiting https://console.developers.google.com/apis/api/firebase.googleapis.com/overview?project=455599353016 then retry. If you enabled this API recently, wait a few minutes for the action to propagate to our systems and retry.","status":"PERMISSION_DENIED","details":[{"@type":"type.googleapis.com/google.rpc.ErrorInfo","reason":"SERVICE_DISABLED","domain":"googleapis.com","metadata":{"service":"firebase.googleapis.com","serviceTitle":"Firebase Management API","containerInfo":"455599353016","activationUrl":"https://console.developers.google.com/apis/api/firebase.googleapis.com/overview?project=455599353016","consumer":"projects/455599353016"}},{"@type":"type.googleapis.com/google.rpc.LocalizedMessage","locale":"en-US","message":"Firebase Management API has not been used in project 455599353016 before or it is disabled. Enable it by visiting https://console.developers.google.com/apis/api/firebase.googleapis.com/overview?project=455599353016 then retry. If you enabled this API recently, wait a few minutes for the action to propagate to our systems and retry."},{"@type":"type.googleapis.com/google.rpc.Help","links":[{"description":"Google developers console API activation","url":"https://console.developers.google.com/apis/api/firebase.googleapis.com/overview?project=455599353016"}]}]}}
[debug] [2026-09-30T05:23:34.939Z] Request to https://firebase.googleapis.com/v1beta1/projects/amar-dukan-40808 had HTTP Error: 403, Firebase Management API has not been used in project 455599353016 before or it is disabled. Enable it by visiting https://console.developers.google.com/apis/api/firebase.googleapis.com/overview?project=455599353016 then retry. If you enabled this API recently, wait a few minutes for the action to propagate to our systems and retry.
[debug] [2026-09-30T05:23:34.940Z] FirebaseError: Request to https://firebase.googleapis.com/v1beta1/projects/amar-dukan-40808 had HTTP Error: 403, Firebase Management API has not been used in project 455599353016 before or it is disabled. Enable it by visiting https://console.developers.google.com/apis/api/firebase.googleapis.com/overview?project=455599353016 then retry. If you enabled this API recently, wait a few minutes for the action to propagate to our systems and retry.
    at responseToError (/usr/local/lib/node_modules/firebase-tools/lib/responseToError.js:53:12)
    at RetryOperation._fn (/usr/local/lib/node_modules/firebase-tools/lib/apiv2.js:415:77)
    at process.processTicksAndRejections (node:internal/process/task_queues:103:5)
[error] 
[error] Error: Failed to get Firebase project amar-dukan-40808. Please make sure the project exists and your account has permission to access it.
[debug] [2026-09-30T05:24:36.014Z] ----------------------------------------------------------------------
[debug] [2026-09-30T05:24:36.017Z] Command:       /usr/local/bin/node /usr/local/bin/firebase deploy --only hosting --non-interactive
[debug] [2026-09-30T05:24:36.018Z] CLI Version:   15.30.0
[debug] [2026-09-30T05:24:36.018Z] Platform:      linux
[debug] [2026-09-30T05:24:36.018Z] Node Version:  v22.23.2
[debug] [2026-09-30T05:24:36.018Z] Detected Agent: unknown
[debug] [2026-09-30T05:24:36.019Z] Time:          Wed Sep 30 2026 05:24:36 GMT+0000 (Coordinated Universal Time)
[debug] [2026-09-30T05:24:36.019Z] ----------------------------------------------------------------------
[debug] 
[debug] [2026-09-30T05:24:38.683Z] > command requires scopes: ["email","openid","https://www.googleapis.com/auth/cloudplatformprojects.readonly","https://www.googleapis.com/auth/firebase","https://www.googleapis.com/auth/cloud-platform"]
[debug] [2026-09-30T05:24:38.706Z] Running auto auth
[debug] [2026-09-30T05:24:38.709Z] [iam] checking project trusty-dryad-tdw25 for permissions ["firebase.projects.get","firebasehosting.sites.update"]
[debug] [2026-09-30T05:24:38.739Z] No OAuth tokens found
[debug] [2026-09-30T05:24:38.740Z] >>> [apiv2][query] POST https://cloudresourcemanager.googleapis.com/v1/projects/trusty-dryad-tdw25:testIamPermissions [none]
[debug] [2026-09-30T05:24:38.741Z] >>> [apiv2][(partial)header] POST https://cloudresourcemanager.googleapis.com/v1/projects/trusty-dryad-tdw25:testIamPermissions  x-goog-user-project=trusty-dryad-tdw25
[debug] [2026-09-30T05:24:38.741Z] >>> [apiv2][body] POST https://cloudresourcemanager.googleapis.com/v1/projects/trusty-dryad-tdw25:testIamPermissions {"permissions":["firebase.projects.get","firebasehosting.sites.update"]}
[debug] [2026-09-30T05:24:39.837Z] <<< [apiv2][status] POST https://cloudresourcemanager.googleapis.com/v1/projects/trusty-dryad-tdw25:testIamPermissions 403
[debug] [2026-09-30T05:24:39.837Z] <<< [apiv2][body] POST https://cloudresourcemanager.googleapis.com/v1/projects/trusty-dryad-tdw25:testIamPermissions {"error":{"code":403,"message":"Caller does not have required permission to use project trusty-dryad-tdw25. Grant the caller the roles/serviceusage.serviceUsageConsumer role, or a custom role with the serviceusage.services.use permission, by visiting https://console.developers.google.com/iam-admin/iam?project=trusty-dryad-tdw25 and then retry. Propagation of the new permission may take a few minutes.","status":"PERMISSION_DENIED","details":[{"@type":"type.googleapis.com/google.rpc.ErrorInfo","reason":"USER_PROJECT_DENIED","domain":"googleapis.com","metadata":{"consumer":"projects/trusty-dryad-tdw25","consoleUrl":"https://console.developers.google.com/iam-admin/iam?project=trusty-dryad-tdw25","containerInfo":"trusty-dryad-tdw25","service":"cloudresourcemanager.googleapis.com"}},{"@type":"type.googleapis.com/google.rpc.LocalizedMessage","locale":"en-US","message":"Caller does not have required permission to use project trusty-dryad-tdw25. Grant the caller the roles/serviceusage.serviceUsageConsumer role, or a custom role with the serviceusage.services.use permission, by visiting https://console.developers.google.com/iam-admin/iam?project=trusty-dryad-tdw25 and then retry. Propagation of the new permission may take a few minutes."},{"@type":"type.googleapis.com/google.rpc.Help","links":[{"description":"Google developer console IAM admin","url":"https://console.developers.google.com/iam-admin/iam?project=trusty-dryad-tdw25"}]}]}}
[debug] [2026-09-30T05:24:39.838Z] [iam] error while checking permissions, command may fail: Request to https://cloudresourcemanager.googleapis.com/v1/projects/trusty-dryad-tdw25:testIamPermissions had HTTP Error: 403, Caller does not have required permission to use project trusty-dryad-tdw25. Grant the caller the roles/serviceusage.serviceUsageConsumer role, or a custom role with the serviceusage.services.use permission, by visiting https://console.developers.google.com/iam-admin/iam?project=trusty-dryad-tdw25 and then retry. Propagation of the new permission may take a few minutes.
[debug] [2026-09-30T05:24:39.839Z] No OAuth tokens found
[debug] [2026-09-30T05:24:39.839Z] >>> [apiv2][query] GET https://firebase.googleapis.com/v1beta1/projects/trusty-dryad-tdw25 [none]
[debug] [2026-09-30T05:24:40.913Z] <<< [apiv2][status] GET https://firebase.googleapis.com/v1beta1/projects/trusty-dryad-tdw25 403
[debug] [2026-09-30T05:24:40.913Z] <<< [apiv2][body] GET https://firebase.googleapis.com/v1beta1/projects/trusty-dryad-tdw25 {"error":{"code":403,"message":"Firebase Management API has not been used in project 455599353016 before or it is disabled. Enable it by visiting https://console.developers.google.com/apis/api/firebase.googleapis.com/overview?project=455599353016 then retry. If you enabled this API recently, wait a few minutes for the action to propagate to our systems and retry.","status":"PERMISSION_DENIED","details":[{"@type":"type.googleapis.com/google.rpc.ErrorInfo","reason":"SERVICE_DISABLED","domain":"googleapis.com","metadata":{"activationUrl":"https://console.developers.google.com/apis/api/firebase.googleapis.com/overview?project=455599353016","consumer":"projects/455599353016","service":"firebase.googleapis.com","containerInfo":"455599353016","serviceTitle":"Firebase Management API"}},{"@type":"type.googleapis.com/google.rpc.LocalizedMessage","locale":"en-US","message":"Firebase Management API has not been used in project 455599353016 before or it is disabled. Enable it by visiting https://console.developers.google.com/apis/api/firebase.googleapis.com/overview?project=455599353016 then retry. If you enabled this API recently, wait a few minutes for the action to propagate to our systems and retry."},{"@type":"type.googleapis.com/google.rpc.Help","links":[{"description":"Google developers console API activation","url":"https://console.developers.google.com/apis/api/firebase.googleapis.com/overview?project=455599353016"}]}]}}
[debug] [2026-09-30T05:24:40.913Z] Request to https://firebase.googleapis.com/v1beta1/projects/trusty-dryad-tdw25 had HTTP Error: 403, Firebase Management API has not been used in project 455599353016 before or it is disabled. Enable it by visiting https://console.developers.google.com/apis/api/firebase.googleapis.com/overview?project=455599353016 then retry. If you enabled this API recently, wait a few minutes for the action to propagate to our systems and retry.
[debug] [2026-09-30T05:24:40.914Z] FirebaseError: Request to https://firebase.googleapis.com/v1beta1/projects/trusty-dryad-tdw25 had HTTP Error: 403, Firebase Management API has not been used in project 455599353016 before or it is disabled. Enable it by visiting https://console.developers.google.com/apis/api/firebase.googleapis.com/overview?project=455599353016 then retry. If you enabled this API recently, wait a few minutes for the action to propagate to our systems and retry.
    at responseToError (/usr/local/lib/node_modules/firebase-tools/lib/responseToError.js:53:12)
    at RetryOperation._fn (/usr/local/lib/node_modules/firebase-tools/lib/apiv2.js:415:77)
    at process.processTicksAndRejections (node:internal/process/task_queues:103:5)
[error] 
[error] Error: Failed to get Firebase project trusty-dryad-tdw25. Please make sure the project exists and your account has permission to access it.
[debug] [2026-09-30T05:34:19.319Z] ----------------------------------------------------------------------
[debug] [2026-09-30T05:34:19.323Z] Command:       /usr/local/bin/node /usr/local/bin/firebase deploy --only hosting --non-interactive
[debug] [2026-09-30T05:34:19.323Z] CLI Version:   15.30.0
[debug] [2026-09-30T05:34:19.323Z] Platform:      linux
[debug] [2026-09-30T05:34:19.324Z] Node Version:  v22.23.2
[debug] [2026-09-30T05:34:19.324Z] Detected Agent: unknown
[debug] [2026-09-30T05:34:19.324Z] Time:          Wed Sep 30 2026 05:34:19 GMT+0000 (Coordinated Universal Time)
[debug] [2026-09-30T05:34:19.325Z] ----------------------------------------------------------------------
[debug] 
[debug] [2026-09-30T05:34:22.003Z] > command requires scopes: ["email","openid","https://www.googleapis.com/auth/cloudplatformprojects.readonly","https://www.googleapis.com/auth/firebase","https://www.googleapis.com/auth/cloud-platform"]
[debug] [2026-09-30T05:34:22.025Z] Running auto auth
[debug] [2026-09-30T05:34:22.029Z] [iam] checking project amar-dukan-40808 for permissions ["firebase.projects.get","firebasehosting.sites.update"]
[debug] [2026-09-30T05:34:22.060Z] No OAuth tokens found
[debug] [2026-09-30T05:34:22.062Z] >>> [apiv2][query] POST https://cloudresourcemanager.googleapis.com/v1/projects/amar-dukan-40808:testIamPermissions [none]
[debug] [2026-09-30T05:34:22.062Z] >>> [apiv2][(partial)header] POST https://cloudresourcemanager.googleapis.com/v1/projects/amar-dukan-40808:testIamPermissions  x-goog-user-project=amar-dukan-40808
[debug] [2026-09-30T05:34:22.062Z] >>> [apiv2][body] POST https://cloudresourcemanager.googleapis.com/v1/projects/amar-dukan-40808:testIamPermissions {"permissions":["firebase.projects.get","firebasehosting.sites.update"]}
[debug] [2026-09-30T05:34:22.456Z] <<< [apiv2][status] POST https://cloudresourcemanager.googleapis.com/v1/projects/amar-dukan-40808:testIamPermissions 403
[debug] [2026-09-30T05:34:22.456Z] <<< [apiv2][body] POST https://cloudresourcemanager.googleapis.com/v1/projects/amar-dukan-40808:testIamPermissions {"error":{"code":403,"message":"Caller does not have required permission to use project amar-dukan-40808. Grant the caller the roles/serviceusage.serviceUsageConsumer role, or a custom role with the serviceusage.services.use permission, by visiting https://console.developers.google.com/iam-admin/iam?project=amar-dukan-40808 and then retry. Propagation of the new permission may take a few minutes.","status":"PERMISSION_DENIED","details":[{"@type":"type.googleapis.com/google.rpc.ErrorInfo","reason":"USER_PROJECT_DENIED","domain":"googleapis.com","metadata":{"consoleUrl":"https://console.developers.google.com/iam-admin/iam?project=amar-dukan-40808","service":"cloudresourcemanager.googleapis.com","consumer":"projects/amar-dukan-40808","containerInfo":"amar-dukan-40808"}},{"@type":"type.googleapis.com/google.rpc.LocalizedMessage","locale":"en-US","message":"Caller does not have required permission to use project amar-dukan-40808. Grant the caller the roles/serviceusage.serviceUsageConsumer role, or a custom role with the serviceusage.services.use permission, by visiting https://console.developers.google.com/iam-admin/iam?project=amar-dukan-40808 and then retry. Propagation of the new permission may take a few minutes."},{"@type":"type.googleapis.com/google.rpc.Help","links":[{"description":"Google developer console IAM admin","url":"https://console.developers.google.com/iam-admin/iam?project=amar-dukan-40808"}]}]}}
[debug] [2026-09-30T05:34:22.457Z] [iam] error while checking permissions, command may fail: Request to https://cloudresourcemanager.googleapis.com/v1/projects/amar-dukan-40808:testIamPermissions had HTTP Error: 403, Caller does not have required permission to use project amar-dukan-40808. Grant the caller the roles/serviceusage.serviceUsageConsumer role, or a custom role with the serviceusage.services.use permission, by visiting https://console.developers.google.com/iam-admin/iam?project=amar-dukan-40808 and then retry. Propagation of the new permission may take a few minutes.
[debug] [2026-09-30T05:34:22.458Z] No OAuth tokens found
[debug] [2026-09-30T05:34:22.458Z] >>> [apiv2][query] GET https://firebase.googleapis.com/v1beta1/projects/amar-dukan-40808 [none]
[debug] [2026-09-30T05:34:22.561Z] <<< [apiv2][status] GET https://firebase.googleapis.com/v1beta1/projects/amar-dukan-40808 403
[debug] [2026-09-30T05:34:22.562Z] <<< [apiv2][body] GET https://firebase.googleapis.com/v1beta1/projects/amar-dukan-40808 {"error":{"code":403,"message":"Firebase Management API has not been used in project 455599353016 before or it is disabled. Enable it by visiting https://console.developers.google.com/apis/api/firebase.googleapis.com/overview?project=455599353016 then retry. If you enabled this API recently, wait a few minutes for the action to propagate to our systems and retry.","status":"PERMISSION_DENIED","details":[{"@type":"type.googleapis.com/google.rpc.ErrorInfo","reason":"SERVICE_DISABLED","domain":"googleapis.com","metadata":{"service":"firebase.googleapis.com","consumer":"projects/455599353016","containerInfo":"455599353016","activationUrl":"https://console.developers.google.com/apis/api/firebase.googleapis.com/overview?project=455599353016","serviceTitle":"Firebase Management API"}},{"@type":"type.googleapis.com/google.rpc.LocalizedMessage","locale":"en-US","message":"Firebase Management API has not been used in project 455599353016 before or it is disabled. Enable it by visiting https://console.developers.google.com/apis/api/firebase.googleapis.com/overview?project=455599353016 then retry. If you enabled this API recently, wait a few minutes for the action to propagate to our systems and retry."},{"@type":"type.googleapis.com/google.rpc.Help","links":[{"description":"Google developers console API activation","url":"https://console.developers.google.com/apis/api/firebase.googleapis.com/overview?project=455599353016"}]}]}}
[debug] [2026-09-30T05:34:22.562Z] Request to https://firebase.googleapis.com/v1beta1/projects/amar-dukan-40808 had HTTP Error: 403, Firebase Management API has not been used in project 455599353016 before or it is disabled. Enable it by visiting https://console.developers.google.com/apis/api/firebase.googleapis.com/overview?project=455599353016 then retry. If you enabled this API recently, wait a few minutes for the action to propagate to our systems and retry.
[debug] [2026-09-30T05:34:22.563Z] FirebaseError: Request to https://firebase.googleapis.com/v1beta1/projects/amar-dukan-40808 had HTTP Error: 403, Firebase Management API has not been used in project 455599353016 before or it is disabled. Enable it by visiting https://console.developers.google.com/apis/api/firebase.googleapis.com/overview?project=455599353016 then retry. If you enabled this API recently, wait a few minutes for the action to propagate to our systems and retry.
    at responseToError (/usr/local/lib/node_modules/firebase-tools/lib/responseToError.js:53:12)
    at RetryOperation._fn (/usr/local/lib/node_modules/firebase-tools/lib/apiv2.js:415:77)
    at process.processTicksAndRejections (node:internal/process/task_queues:103:5)
[error] 
[error] Error: Failed to get Firebase project amar-dukan-40808. Please make sure the project exists and your account has permission to access it.
[debug] [2026-09-30T05:34:28.499Z] ----------------------------------------------------------------------
[debug] [2026-09-30T05:34:28.503Z] Command:       /usr/local/bin/node /usr/local/bin/firebase projects:list
[debug] [2026-09-30T05:34:28.503Z] CLI Version:   15.30.0
[debug] [2026-09-30T05:34:28.504Z] Platform:      linux
[debug] [2026-09-30T05:34:28.504Z] Node Version:  v22.23.2
[debug] [2026-09-30T05:34:28.504Z] Detected Agent: unknown
[debug] [2026-09-30T05:34:28.504Z] Time:          Wed Sep 30 2026 05:34:28 GMT+0000 (Coordinated Universal Time)
[debug] [2026-09-30T05:34:28.505Z] ----------------------------------------------------------------------
[debug] 
[debug] [2026-09-30T05:34:28.821Z] > command requires scopes: ["email","openid","https://www.googleapis.com/auth/cloudplatformprojects.readonly","https://www.googleapis.com/auth/firebase","https://www.googleapis.com/auth/cloud-platform"]
[debug] [2026-09-30T05:34:28.841Z] Running auto auth
[debug] [2026-09-30T05:34:28.875Z] No OAuth tokens found
[debug] [2026-09-30T05:34:28.876Z] >>> [apiv2][query] GET https://firebase.googleapis.com/v1beta1/projects pageSize=1000
[debug] [2026-09-30T05:34:29.110Z] <<< [apiv2][status] GET https://firebase.googleapis.com/v1beta1/projects 403
[debug] [2026-09-30T05:34:29.110Z] <<< [apiv2][body] GET https://firebase.googleapis.com/v1beta1/projects [omitted]
[debug] [2026-09-30T05:34:29.111Z] Request to https://firebase.googleapis.com/v1beta1/projects?pageSize=1000 had HTTP Error: 403, Firebase Management API has not been used in project 455599353016 before or it is disabled. Enable it by visiting https://console.developers.google.com/apis/api/firebase.googleapis.com/overview?project=455599353016 then retry. If you enabled this API recently, wait a few minutes for the action to propagate to our systems and retry.
[debug] [2026-09-30T05:34:29.112Z] FirebaseError: Request to https://firebase.googleapis.com/v1beta1/projects?pageSize=1000 had HTTP Error: 403, Firebase Management API has not been used in project 455599353016 before or it is disabled. Enable it by visiting https://console.developers.google.com/apis/api/firebase.googleapis.com/overview?project=455599353016 then retry. If you enabled this API recently, wait a few minutes for the action to propagate to our systems and retry.
    at responseToError (/usr/local/lib/node_modules/firebase-tools/lib/responseToError.js:53:12)
    at RetryOperation._fn (/usr/local/lib/node_modules/firebase-tools/lib/apiv2.js:415:77)
    at process.processTicksAndRejections (node:internal/process/task_queues:103:5)
[error] 
[error] Error: Failed to list Firebase projects. See firebase-debug.log for more info.
[debug] [2026-09-30T05:50:06.687Z] ----------------------------------------------------------------------
[debug] [2026-09-30T05:50:06.691Z] Command:       /usr/local/bin/node /usr/local/bin/firebase deploy --only hosting --non-interactive
[debug] [2026-09-30T05:50:06.692Z] CLI Version:   15.30.0
[debug] [2026-09-30T05:50:06.692Z] Platform:      linux
[debug] [2026-09-30T05:50:06.692Z] Node Version:  v22.23.2
[debug] [2026-09-30T05:50:06.693Z] Detected Agent: unknown
[debug] [2026-09-30T05:50:06.693Z] Time:          Wed Sep 30 2026 05:50:06 GMT+0000 (Coordinated Universal Time)
[debug] [2026-09-30T05:50:06.693Z] ----------------------------------------------------------------------
[debug] 
[debug] [2026-09-30T05:50:09.350Z] > command requires scopes: ["email","openid","https://www.googleapis.com/auth/cloudplatformprojects.readonly","https://www.googleapis.com/auth/firebase","https://www.googleapis.com/auth/cloud-platform"]
[debug] [2026-09-30T05:50:09.393Z] Running auto auth
[debug] [2026-09-30T05:50:09.396Z] [iam] checking project amar-dukan-40808 for permissions ["firebase.projects.get","firebasehosting.sites.update"]
[debug] [2026-09-30T05:50:09.423Z] No OAuth tokens found
[debug] [2026-09-30T05:50:09.425Z] >>> [apiv2][query] POST https://cloudresourcemanager.googleapis.com/v1/projects/amar-dukan-40808:testIamPermissions [none]
[debug] [2026-09-30T05:50:09.425Z] >>> [apiv2][(partial)header] POST https://cloudresourcemanager.googleapis.com/v1/projects/amar-dukan-40808:testIamPermissions  x-goog-user-project=amar-dukan-40808
[debug] [2026-09-30T05:50:09.425Z] >>> [apiv2][body] POST https://cloudresourcemanager.googleapis.com/v1/projects/amar-dukan-40808:testIamPermissions {"permissions":["firebase.projects.get","firebasehosting.sites.update"]}
[debug] [2026-09-30T05:50:10.753Z] <<< [apiv2][status] POST https://cloudresourcemanager.googleapis.com/v1/projects/amar-dukan-40808:testIamPermissions 403
[debug] [2026-09-30T05:50:10.753Z] <<< [apiv2][body] POST https://cloudresourcemanager.googleapis.com/v1/projects/amar-dukan-40808:testIamPermissions {"error":{"code":403,"message":"Caller does not have required permission to use project amar-dukan-40808. Grant the caller the roles/serviceusage.serviceUsageConsumer role, or a custom role with the serviceusage.services.use permission, by visiting https://console.developers.google.com/iam-admin/iam?project=amar-dukan-40808 and then retry. Propagation of the new permission may take a few minutes.","status":"PERMISSION_DENIED","details":[{"@type":"type.googleapis.com/google.rpc.ErrorInfo","reason":"USER_PROJECT_DENIED","domain":"googleapis.com","metadata":{"consoleUrl":"https://console.developers.google.com/iam-admin/iam?project=amar-dukan-40808","service":"cloudresourcemanager.googleapis.com","containerInfo":"amar-dukan-40808","consumer":"projects/amar-dukan-40808"}},{"@type":"type.googleapis.com/google.rpc.LocalizedMessage","locale":"en-US","message":"Caller does not have required permission to use project amar-dukan-40808. Grant the caller the roles/serviceusage.serviceUsageConsumer role, or a custom role with the serviceusage.services.use permission, by visiting https://console.developers.google.com/iam-admin/iam?project=amar-dukan-40808 and then retry. Propagation of the new permission may take a few minutes."},{"@type":"type.googleapis.com/google.rpc.Help","links":[{"description":"Google developer console IAM admin","url":"https://console.developers.google.com/iam-admin/iam?project=amar-dukan-40808"}]}]}}
[debug] [2026-09-30T05:50:10.754Z] [iam] error while checking permissions, command may fail: Request to https://cloudresourcemanager.googleapis.com/v1/projects/amar-dukan-40808:testIamPermissions had HTTP Error: 403, Caller does not have required permission to use project amar-dukan-40808. Grant the caller the roles/serviceusage.serviceUsageConsumer role, or a custom role with the serviceusage.services.use permission, by visiting https://console.developers.google.com/iam-admin/iam?project=amar-dukan-40808 and then retry. Propagation of the new permission may take a few minutes.
[debug] [2026-09-30T05:50:10.755Z] No OAuth tokens found
[debug] [2026-09-30T05:50:10.755Z] >>> [apiv2][query] GET https://firebase.googleapis.com/v1beta1/projects/amar-dukan-40808 [none]
[debug] [2026-09-30T05:50:10.838Z] <<< [apiv2][status] GET https://firebase.googleapis.com/v1beta1/projects/amar-dukan-40808 403
[debug] [2026-09-30T05:50:10.838Z] <<< [apiv2][body] GET https://firebase.googleapis.com/v1beta1/projects/amar-dukan-40808 {"error":{"code":403,"message":"Firebase Management API has not been used in project 455599353016 before or it is disabled. Enable it by visiting https://console.developers.google.com/apis/api/firebase.googleapis.com/overview?project=455599353016 then retry. If you enabled this API recently, wait a few minutes for the action to propagate to our systems and retry.","status":"PERMISSION_DENIED","details":[{"@type":"type.googleapis.com/google.rpc.ErrorInfo","reason":"SERVICE_DISABLED","domain":"googleapis.com","metadata":{"consumer":"projects/455599353016","containerInfo":"455599353016","activationUrl":"https://console.developers.google.com/apis/api/firebase.googleapis.com/overview?project=455599353016","service":"firebase.googleapis.com","serviceTitle":"Firebase Management API"}},{"@type":"type.googleapis.com/google.rpc.LocalizedMessage","locale":"en-US","message":"Firebase Management API has not been used in project 455599353016 before or it is disabled. Enable it by visiting https://console.developers.google.com/apis/api/firebase.googleapis.com/overview?project=455599353016 then retry. If you enabled this API recently, wait a few minutes for the action to propagate to our systems and retry."},{"@type":"type.googleapis.com/google.rpc.Help","links":[{"description":"Google developers console API activation","url":"https://console.developers.google.com/apis/api/firebase.googleapis.com/overview?project=455599353016"}]}]}}
[debug] [2026-09-30T05:50:10.838Z] Request to https://firebase.googleapis.com/v1beta1/projects/amar-dukan-40808 had HTTP Error: 403, Firebase Management API has not been used in project 455599353016 before or it is disabled. Enable it by visiting https://console.developers.google.com/apis/api/firebase.googleapis.com/overview?project=455599353016 then retry. If you enabled this API recently, wait a few minutes for the action to propagate to our systems and retry.
[debug] [2026-09-30T05:50:10.839Z] FirebaseError: Request to https://firebase.googleapis.com/v1beta1/projects/amar-dukan-40808 had HTTP Error: 403, Firebase Management API has not been used in project 455599353016 before or it is disabled. Enable it by visiting https://console.developers.google.com/apis/api/firebase.googleapis.com/overview?project=455599353016 then retry. If you enabled this API recently, wait a few minutes for the action to propagate to our systems and retry.
    at responseToError (/usr/local/lib/node_modules/firebase-tools/lib/responseToError.js:53:12)
    at RetryOperation._fn (/usr/local/lib/node_modules/firebase-tools/lib/apiv2.js:415:77)
    at process.processTicksAndRejections (node:internal/process/task_queues:103:5)
[error] 
[error] Error: Failed to get Firebase project amar-dukan-40808. Please make sure the project exists and your account has permission to access it.
